../Core/Src/main.c:83:6:init	24	static
../Core/Src/main.c:92:6:loop	32	static
../Core/Src/main.c:173:5:main	8	static
../Core/Src/main.c:225:6:SystemClock_Config	88	static
../Core/Src/main.c:272:13:MX_SPI2_Init	8	static
../Core/Src/main.c:310:13:MX_TIM11_Init	8	static
../Core/Src/main.c:341:13:MX_USART2_UART_Init	8	static
../Core/Src/main.c:374:13:MX_GPIO_Init	48	static
../Core/Src/main.c:423:6:GUI_P1	32	static
../Core/Src/main.c:455:6:test_2LCD	8	static
../Core/Src/main.c:495:6:logic_demo	16	static
../Core/Src/main.c:520:6:HAL_TIM_PeriodElapsedCallback	24	static
../Core/Src/main.c:526:10:micros	12	static
../Core/Src/main.c:535:6:Error_Handler	4	static,ignoring_inline_asm
